<?xml version="1.0" encoding="utf-8"?><testsuites><testsuite name="pytest" errors="0" failures="0" skipped="0" tests="36" time="1.161" timestamp="2025-12-02T14:18:10.038273" hostname="DESKTOP-UVE5DM4"><testcase classname="tests.test_data_ingestion.TestReadCSV" name="test_read_simple_csv" time="0.006" /><testcase classname="tests.test_data_ingestion.TestReadCSV" name="test_read_nonexistent_file" time="0.002" /><testcase classname="tests.test_data_ingestion.TestReadCSV" name="test_read_utf8_multilang" time="0.007" /><testcase classname="tests.test_data_ingestion.TestReadCSV" name="test_read_with_custom_sep" time="0.005" /><testcase classname="tests.test_data_ingestion.TestDetectTimeColumn" name="test_detect_time_column" time="0.007" /><testcase classname="tests.test_data_ingestion.TestDetectTimeColumn" name="test_detect_date_column" time="0.001" /><testcase classname="tests.test_data_ingestion.TestDetectTimeColumn" name="test_detect_timestamp_column" time="0.001" /><testcase classname="tests.test_data_ingestion.TestDetectTimeColumn" name="test_detect_datetime_column" time="0.001" /><testcase classname="tests.test_data_ingestion.TestDetectTimeColumn" name="test_detect_date_time_column" time="0.001" /><testcase classname="tests.test_data_ingestion.TestDetectTimeColumn" name="test_detect_timeslot_column" time="0.002" /><testcase classname="tests.test_data_ingestion.TestDetectTimeColumn" name="test_no_time_column" time="0.002" /><testcase classname="tests.test_data_ingestion.TestParseTimeFormat" name="test_parse_hourly_format_full" time="0.003" /><testcase classname="tests.test_data_ingestion.TestParseTimeFormat" name="test_parse_hourly_format_single_digit" time="0.002" /><testcase classname="tests.test_data_ingestion.TestParseTimeFormat" name="test_parse_daily_format_single_digit" time="0.002" /><testcase classname="tests.test_data_ingestion.TestParseTimeFormat" name="test_parse_daily_format_double_digit" time="0.004" /><testcase classname="tests.test_data_ingestion.TestParseTimeFormat" name="test_parse_mixed_daily_format" time="0.003" /><testcase classname="tests.test_data_ingestion.TestParseTimeFormat" name="test_parse_empty_series" time="0.002" /><testcase classname="tests.test_data_ingestion.TestParseTimeFormat" name="test_parse_all_nan_series" time="0.001" /><testcase classname="tests.test_data_ingestion.TestClassifyColumns" name="test_classify_standard_columns" time="0.008" /><testcase classname="tests.test_data_ingestion.TestClassifyColumns" name="test_classify_text_dimensions" time="0.003" /><testcase classname="tests.test_data_ingestion.TestClassifyColumns" name="test_classify_id_columns" time="0.002" /><testcase classname="tests.test_data_ingestion.TestClassifyColumns" name="test_classify_kpi_columns" time="0.002" /><testcase classname="tests.test_data_ingestion.TestValidateDataIntegrity" name="test_validate_good_data" time="0.008" /><testcase classname="tests.test_data_ingestion.TestValidateDataIntegrity" name="test_validate_empty_dataframe" time="0.002" /><testcase classname="tests.test_data_ingestion.TestValidateDataIntegrity" name="test_validate_missing_time_column" time="0.005" /><testcase classname="tests.test_data_ingestion.TestValidateDataIntegrity" name="test_validate_no_kpis" time="0.007" /><testcase classname="tests.test_data_ingestion.TestNormalizeDataTypes" name="test_normalize_numeric_strings" time="0.003" /><testcase classname="tests.test_data_ingestion.TestNormalizeDataTypes" name="test_normalize_preserves_text" time="0.002" /><testcase classname="tests.test_data_ingestion.TestNormalizeDataTypes" name="test_normalize_with_nan" time="0.003" /><testcase classname="tests.test_data_ingestion.TestIntegration" name="test_ingest_standard_csv" time="0.009" /><testcase classname="tests.test_data_ingestion.TestIntegration" name="test_ingest_daily_format_csv" time="0.010" /><testcase classname="tests.test_data_ingestion.TestIntegration" name="test_ingest_utf8_multilang_csv" time="0.007" /><testcase classname="tests.test_data_ingestion.TestIntegration" name="test_ingest_summary_output" time="0.010" /><testcase classname="tests.test_data_ingestion.TestEdgeCases" name="test_single_row_csv" time="0.007" /><testcase classname="tests.test_data_ingestion.TestEdgeCases" name="test_single_column_csv" time="0.009" /><testcase classname="tests.test_data_ingestion.TestEdgeCases" name="test_csv_with_missing_values" time="0.007" /></testsuite></testsuites>